2026-08-12 20:05:46,143 - aqt.helper - DEBUG - helper 35160 Attempt to download checksum at https://download.qt.io/online/qtsdkrepository/windows_x86/desktop/qt6_680/qt6_680/Updates.xml.sha256
2026-08-12 20:05:55,230 - aqt.main - INFO - installer 52652 aqtinstall(aqt) v3.3.0 on Python 3.14.6 [CPython MSC v.1944 64 bit (AMD64)]
2026-08-12 20:05:55,231 - aqt.helper - DEBUG - helper 52652 Attempt to download checksum at https://download.qt.io/online/qtsdkrepository/windows_x86/desktop/qt6_680/qt6_680/Updates.xml.sha256
2026-08-12 20:05:58,112 - aqt.helper - DEBUG - helper 52652 Attempt to download checksum at https://download.qt.io/online/qtsdkrepository/windows_x86/extensions/qtwebengine/680/msvc2022_64/Updates.xml.sha256
2026-08-12 20:06:00,718 - aqt.archives - INFO - archives 52652 Found extension qtwebengine
2026-08-12 20:06:00,718 - aqt.helper - DEBUG - helper 52652 Attempt to download checksum at https://download.qt.io/online/qtsdkrepository/windows_x86/extensions/qtpdf/680/msvc2022_64/Updates.xml.sha256
2026-08-12 20:06:03,391 - aqt.archives - INFO - archives 52652 Found extension qtpdf
2026-08-12 20:06:03,930 - aqt.helper - DEBUG - helper 29528 Attempt to download checksum at https://download.qt.io/online/qtsdkrepository/windows_x86/desktop/qt6_680/qt6_680/qt.qt6.680.win64_msvc2022_64/6.8.0-0-202410030750qtbase-Windows-Windows_11_23H2-MSVC2022-Windows-Windows_11_23H2-X86_64.7z.sha256
2026-08-12 20:06:03,935 - aqt.helper - DEBUG - helper 52076 Attempt to download checksum at https://download.qt.io/online/qtsdkrepository/windows_x86/desktop/qt6_680/qt6_680/qt.qt6.680.win64_msvc2022_64/6.8.0-0-202410030750qtsvg-Windows-Windows_11_23H2-MSVC2022-Windows-Windows_11_23H2-X86_64.7z.sha256
2026-08-12 20:06:03,940 - aqt.helper - DEBUG - helper 33060 Attempt to download checksum at https://download.qt.io/online/qtsdkrepository/windows_x86/desktop/qt6_680/qt6_680/qt.qt6.680.win64_msvc2022_64/6.8.0-0-202410030750qtdeclarative-Windows-Windows_11_23H2-MSVC2022-Windows-Windows_11_23H2-X86_64.7z.sha256
2026-08-12 20:06:03,948 - aqt.helper - DEBUG - helper 16376 Attempt to download checksum at https://download.qt.io/online/qtsdkrepository/windows_x86/desktop/qt6_680/qt6_680/qt.qt6.680.win64_msvc2022_64/6.8.0-0-202410030750qttools-Windows-Windows_11_23H2-MSVC2022-Windows-Windows_11_23H2-X86_64.7z.sha256
2026-08-12 20:06:05,214 - aqt.helper - INFO - helper 16376 Downloading qttools...
2026-08-12 20:06:05,214 - aqt.installer - DEBUG - installer 16376 Download URL: https://download.qt.io/online/qtsdkrepository/windows_x86/desktop/qt6_680/qt6_680/qt.qt6.680.win64_msvc2022_64/6.8.0-0-202410030750qttools-Windows-Windows_11_23H2-MSVC2022-Windows-Windows_11_23H2-X86_64.7z
2026-08-12 20:06:05,245 - aqt.helper - INFO - helper 52076 Downloading qtsvg...
2026-08-12 20:06:05,245 - aqt.installer - DEBUG - installer 52076 Download URL: https://download.qt.io/online/qtsdkrepository/windows_x86/desktop/qt6_680/qt6_680/qt.qt6.680.win64_msvc2022_64/6.8.0-0-202410030750qtsvg-Windows-Windows_11_23H2-MSVC2022-Windows-Windows_11_23H2-X86_64.7z
2026-08-12 20:06:05,250 - aqt.helper - INFO - helper 29528 Downloading qtbase...
2026-08-12 20:06:05,250 - aqt.installer - DEBUG - installer 29528 Download URL: https://download.qt.io/online/qtsdkrepository/windows_x86/desktop/qt6_680/qt6_680/qt.qt6.680.win64_msvc2022_64/6.8.0-0-202410030750qtbase-Windows-Windows_11_23H2-MSVC2022-Windows-Windows_11_23H2-X86_64.7z
2026-08-12 20:06:05,295 - aqt.helper - INFO - helper 33060 Downloading qtdeclarative...
2026-08-12 20:06:05,295 - aqt.installer - DEBUG - installer 33060 Download URL: https://download.qt.io/online/qtsdkrepository/windows_x86/desktop/qt6_680/qt6_680/qt.qt6.680.win64_msvc2022_64/6.8.0-0-202410030750qtdeclarative-Windows-Windows_11_23H2-MSVC2022-Windows-Windows_11_23H2-X86_64.7z
2026-08-12 20:06:06,473 - aqt.helper - DEBUG - helper 52076 Asked to redirect(302) to: https://ftp.jaist.ac.jp/pub/qtproject/online/qtsdkrepository/windows_x86/desktop/qt6_680/qt6_680/qt.qt6.680.win64_msvc2022_64/6.8.0-0-202410030750qtsvg-Windows-Windows_11_23H2-MSVC2022-Windows-Windows_11_23H2-X86_64.7z
2026-08-12 20:06:06,475 - aqt.helper - INFO - helper 52076 Redirected: ftp.jaist.ac.jp
2026-08-12 20:06:06,524 - aqt.helper - DEBUG - helper 29528 Asked to redirect(302) to: https://ftp.jaist.ac.jp/pub/qtproject/online/qtsdkrepository/windows_x86/desktop/qt6_680/qt6_680/qt.qt6.680.win64_msvc2022_64/6.8.0-0-202410030750qtbase-Windows-Windows_11_23H2-MSVC2022-Windows-Windows_11_23H2-X86_64.7z
2026-08-12 20:06:06,524 - aqt.helper - INFO - helper 29528 Redirected: ftp.jaist.ac.jp
2026-08-12 20:06:06,526 - aqt.helper - DEBUG - helper 33060 Asked to redirect(302) to: https://ftp.jaist.ac.jp/pub/qtproject/online/qtsdkrepository/windows_x86/desktop/qt6_680/qt6_680/qt.qt6.680.win64_msvc2022_64/6.8.0-0-202410030750qtdeclarative-Windows-Windows_11_23H2-MSVC2022-Windows-Windows_11_23H2-X86_64.7z
2026-08-12 20:06:06,526 - aqt.helper - INFO - helper 33060 Redirected: ftp.jaist.ac.jp
2026-08-12 20:06:06,552 - aqt.helper - DEBUG - helper 16376 Asked to redirect(302) to: https://ftp.jaist.ac.jp/pub/qtproject/online/qtsdkrepository/windows_x86/desktop/qt6_680/qt6_680/qt.qt6.680.win64_msvc2022_64/6.8.0-0-202410030750qttools-Windows-Windows_11_23H2-MSVC2022-Windows-Windows_11_23H2-X86_64.7z
2026-08-12 20:06:06,552 - aqt.helper - INFO - helper 16376 Redirected: ftp.jaist.ac.jp
2026-08-12 20:06:07,350 - aqt.installer - INFO - installer 52076 Finished installation of qtsvg-Windows-Windows_11_23H2-MSVC2022-Windows-Windows_11_23H2-X86_64.7z in 3.41589080
2026-08-12 20:06:07,364 - aqt.helper - DEBUG - helper 52076 Attempt to download checksum at https://download.qt.io/online/qtsdkrepository/windows_x86/desktop/qt6_680/qt6_680/qt.qt6.680.win64_msvc2022_64/6.8.0-0-202410030750qttranslations-Windows-Windows_11_23H2-MSVC2022-Windows-Windows_11_23H2-X86_64.7z.sha256
2026-08-12 20:06:08,745 - aqt.helper - INFO - helper 52076 Downloading qttranslations...
2026-08-12 20:06:08,745 - aqt.installer - DEBUG - installer 52076 Download URL: https://download.qt.io/online/qtsdkrepository/windows_x86/desktop/qt6_680/qt6_680/qt.qt6.680.win64_msvc2022_64/6.8.0-0-202410030750qttranslations-Windows-Windows_11_23H2-MSVC2022-Windows-Windows_11_23H2-X86_64.7z
2026-08-12 20:06:11,889 - aqt.helper - DEBUG - helper 52076 Asked to redirect(302) to: https://ftp.jaist.ac.jp/pub/qtproject/online/qtsdkrepository/windows_x86/desktop/qt6_680/qt6_680/qt.qt6.680.win64_msvc2022_64/6.8.0-0-202410030750qttranslations-Windows-Windows_11_23H2-MSVC2022-Windows-Windows_11_23H2-X86_64.7z
2026-08-12 20:06:11,889 - aqt.helper - INFO - helper 52076 Redirected: ftp.jaist.ac.jp
2026-08-12 20:06:12,229 - aqt.installer - INFO - installer 16376 Finished installation of qttools-Windows-Windows_11_23H2-MSVC2022-Windows-Windows_11_23H2-X86_64.7z in 8.28243730
2026-08-12 20:06:12,245 - aqt.helper - DEBUG - helper 16376 Attempt to download checksum at https://download.qt.io/online/qtsdkrepository/windows_x86/desktop/qt6_680/qt6_680/qt.qt6.680.win64_msvc2022_64/6.8.0-0-202410030750d3dcompiler_47-x64.7z.sha256
2026-08-12 20:06:13,122 - aqt.installer - INFO - installer 52076 Finished installation of qttranslations-Windows-Windows_11_23H2-MSVC2022-Windows-Windows_11_23H2-X86_64.7z in 5.76299530
2026-08-12 20:06:13,134 - aqt.helper - DEBUG - helper 52076 Attempt to download checksum at https://download.qt.io/online/qtsdkrepository/windows_x86/desktop/qt6_680/qt6_680/qt.qt6.680.win64_msvc2022_64/6.8.0-0-202410030750opengl32sw-64-mesa_11_2_2-signed_sha256.7z.sha256
2026-08-12 20:06:13,484 - aqt.helper - INFO - helper 16376 Downloading d3dcompiler_47...
2026-08-12 20:06:13,485 - aqt.installer - DEBUG - installer 16376 Download URL: https://download.qt.io/online/qtsdkrepository/windows_x86/desktop/qt6_680/qt6_680/qt.qt6.680.win64_msvc2022_64/6.8.0-0-202410030750d3dcompiler_47-x64.7z
2026-08-12 20:06:14,467 - aqt.helper - INFO - helper 52076 Downloading opengl32sw...
2026-08-12 20:06:14,467 - aqt.installer - DEBUG - installer 52076 Download URL: https://download.qt.io/online/qtsdkrepository/windows_x86/desktop/qt6_680/qt6_680/qt.qt6.680.win64_msvc2022_64/6.8.0-0-202410030750opengl32sw-64-mesa_11_2_2-signed_sha256.7z
2026-08-12 20:06:14,716 - aqt.helper - DEBUG - helper 16376 Asked to redirect(302) to: https://ftp.jaist.ac.jp/pub/qtproject/online/qtsdkrepository/windows_x86/desktop/qt6_680/qt6_680/qt.qt6.680.win64_msvc2022_64/6.8.0-0-202410030750d3dcompiler_47-x64.7z
2026-08-12 20:06:14,717 - aqt.helper - INFO - helper 16376 Redirected: ftp.jaist.ac.jp
2026-08-12 20:06:15,484 - aqt.installer - INFO - installer 16376 Finished installation of d3dcompiler_47-x64.7z in 3.24104300
2026-08-12 20:06:15,739 - aqt.helper - DEBUG - helper 52076 Asked to redirect(302) to: https://ftp.jaist.ac.jp/pub/qtproject/online/qtsdkrepository/windows_x86/desktop/qt6_680/qt6_680/qt.qt6.680.win64_msvc2022_64/6.8.0-0-202410030750opengl32sw-64-mesa_11_2_2-signed_sha256.7z
2026-08-12 20:06:15,739 - aqt.helper - INFO - helper 52076 Redirected: ftp.jaist.ac.jp
2026-08-12 20:06:16,951 - aqt.installer - INFO - installer 52076 Finished installation of opengl32sw-64-mesa_11_2_2-signed_sha256.7z in 3.81886760
2026-08-12 20:06:21,584 - aqt.installer - INFO - installer 29528 Finished installation of qtbase-Windows-Windows_11_23H2-MSVC2022-Windows-Windows_11_23H2-X86_64.7z in 17.65478740
2026-08-12 20:06:39,807 - aqt.installer - INFO - installer 33060 Finished installation of qtdeclarative-Windows-Windows_11_23H2-MSVC2022-Windows-Windows_11_23H2-X86_64.7z in 35.86860240
2026-08-12 20:06:39,982 - aqt.updater - INFO - updater 52652 Patching C:\Qt6\6.8.0\msvc2022_64\bin\qmake.exe
2026-08-12 20:06:39,987 - aqt.updater - INFO - updater 52652 Patching C:\Qt6\6.8.0\msvc2022_64\lib\Qt6Concurrent.prl
2026-08-12 20:06:39,995 - aqt.updater - INFO - updater 52652 Patching C:\Qt6\6.8.0\msvc2022_64\lib\Qt6Concurrentd.prl
2026-08-12 20:06:40,001 - aqt.updater - INFO - updater 52652 Patching C:\Qt6\6.8.0\msvc2022_64\lib\Qt6Core.prl
2026-08-12 20:06:40,008 - aqt.updater - INFO - updater 52652 Patching C:\Qt6\6.8.0\msvc2022_64\lib\Qt6Cored.prl
2026-08-12 20:06:40,015 - aqt.updater - INFO - updater 52652 Patching C:\Qt6\6.8.0\msvc2022_64\lib\Qt6DBus.prl
2026-08-12 20:06:40,022 - aqt.updater - INFO - updater 52652 Patching C:\Qt6\6.8.0\msvc2022_64\lib\Qt6DBusd.prl
2026-08-12 20:06:40,028 - aqt.updater - INFO - updater 52652 Patching C:\Qt6\6.8.0\msvc2022_64\lib\Qt6Designer.prl
2026-08-12 20:06:40,036 - aqt.updater - INFO - updater 52652 Patching C:\Qt6\6.8.0\msvc2022_64\lib\Qt6DesignerComponents.prl
2026-08-12 20:06:40,042 - aqt.updater - INFO - updater 52652 Patching C:\Qt6\6.8.0\msvc2022_64\lib\Qt6DesignerComponentsd.prl
2026-08-12 20:06:40,049 - aqt.updater - INFO - updater 52652 Patching C:\Qt6\6.8.0\msvc2022_64\lib\Qt6Designerd.prl
2026-08-12 20:06:40,055 - aqt.updater - INFO - updater 52652 Patching C:\Qt6\6.8.0\msvc2022_64\lib\Qt6DeviceDiscoverySupport.prl
2026-08-12 20:06:40,062 - aqt.updater - INFO - updater 52652 Patching C:\Qt6\6.8.0\msvc2022_64\lib\Qt6DeviceDiscoverySupportd.prl
2026-08-12 20:06:40,070 - aqt.updater - INFO - updater 52652 Patching C:\Qt6\6.8.0\msvc2022_64\lib\Qt6EntryPoint.prl
2026-08-12 20:06:40,077 - aqt.updater - INFO - updater 52652 Patching C:\Qt6\6.8.0\msvc2022_64\lib\Qt6EntryPointd.prl
2026-08-12 20:06:40,083 - aqt.updater - INFO - updater 52652 Patching C:\Qt6\6.8.0\msvc2022_64\lib\Qt6ExampleIcons.prl
2026-08-12 20:06:40,092 - aqt.updater - INFO - updater 52652 Patching C:\Qt6\6.8.0\msvc2022_64\lib\Qt6ExampleIconsd.prl
2026-08-12 20:06:40,098 - aqt.updater - INFO - updater 52652 Patching C:\Qt6\6.8.0\msvc2022_64\lib\Qt6ExamplesAssetDownloader.prl
2026-08-12 20:06:40,106 - aqt.updater - INFO - updater 52652 Patching C:\Qt6\6.8.0\msvc2022_64\lib\Qt6ExamplesAssetDownloaderd.prl
2026-08-12 20:06:40,112 - aqt.updater - INFO - updater 52652 Patching C:\Qt6\6.8.0\msvc2022_64\lib\Qt6FbSupport.prl
2026-08-12 20:06:40,122 - aqt.updater - INFO - updater 52652 Patching C:\Qt6\6.8.0\msvc2022_64\lib\Qt6FbSupportd.prl
2026-08-12 20:06:40,129 - aqt.updater - INFO - updater 52652 Patching C:\Qt6\6.8.0\msvc2022_64\lib\Qt6Gui.prl
2026-08-12 20:06:40,136 - aqt.updater - INFO - updater 52652 Patching C:\Qt6\6.8.0\msvc2022_64\lib\Qt6Guid.prl
2026-08-12 20:06:40,143 - aqt.updater - INFO - updater 52652 Patching C:\Qt6\6.8.0\msvc2022_64\lib\Qt6Help.prl
2026-08-12 20:06:40,150 - aqt.updater - INFO - updater 52652 Patching C:\Qt6\6.8.0\msvc2022_64\lib\Qt6Helpd.prl
2026-08-12 20:06:40,160 - aqt.updater - INFO - updater 52652 Patching C:\Qt6\6.8.0\msvc2022_64\lib\Qt6LabsAnimation.prl
2026-08-12 20:06:40,167 - aqt.updater - INFO - updater 52652 Patching C:\Qt6\6.8.0\msvc2022_64\lib\Qt6LabsAnimationd.prl
2026-08-12 20:06:40,174 - aqt.updater - INFO - updater 52652 Patching C:\Qt6\6.8.0\msvc2022_64\lib\Qt6LabsFolderListModel.prl
2026-08-12 20:06:40,181 - aqt.updater - INFO - updater 52652 Patching C:\Qt6\6.8.0\msvc2022_64\lib\Qt6LabsFolderListModeld.prl
2026-08-12 20:06:40,188 - aqt.updater - INFO - updater 52652 Patching C:\Qt6\6.8.0\msvc2022_64\lib\Qt6LabsPlatform.prl
2026-08-12 20:06:40,194 - aqt.updater - INFO - updater 52652 Patching C:\Qt6\6.8.0\msvc2022_64\lib\Qt6LabsPlatformd.prl
2026-08-12 20:06:40,200 - aqt.updater - INFO - updater 52652 Patching C:\Qt6\6.8.0\msvc2022_64\lib\Qt6LabsQmlModels.prl
2026-08-12 20:06:40,208 - aqt.updater - INFO - updater 52652 Patching C:\Qt6\6.8.0\msvc2022_64\lib\Qt6LabsQmlModelsd.prl
2026-08-12 20:06:40,214 - aqt.updater - INFO - updater 52652 Patching C:\Qt6\6.8.0\msvc2022_64\lib\Qt6LabsSettings.prl
2026-08-12 20:06:40,221 - aqt.updater - INFO - updater 52652 Patching C:\Qt6\6.8.0\msvc2022_64\lib\Qt6LabsSettingsd.prl
2026-08-12 20:06:40,227 - aqt.updater - INFO - updater 52652 Patching C:\Qt6\6.8.0\msvc2022_64\lib\Qt6LabsSharedImage.prl
2026-08-12 20:06:40,233 - aqt.updater - INFO - updater 52652 Patching C:\Qt6\6.8.0\msvc2022_64\lib\Qt6LabsSharedImaged.prl
2026-08-12 20:06:40,240 - aqt.updater - INFO - updater 52652 Patching C:\Qt6\6.8.0\msvc2022_64\lib\Qt6LabsWavefrontMesh.prl
2026-08-12 20:06:40,247 - aqt.updater - INFO - updater 52652 Patching C:\Qt6\6.8.0\msvc2022_64\lib\Qt6LabsWavefrontMeshd.prl
2026-08-12 20:06:40,253 - aqt.updater - INFO - updater 52652 Patching C:\Qt6\6.8.0\msvc2022_64\lib\Qt6Network.prl
2026-08-12 20:06:40,259 - aqt.updater - INFO - updater 52652 Patching C:\Qt6\6.8.0\msvc2022_64\lib\Qt6Networkd.prl
2026-08-12 20:06:40,265 - aqt.updater - INFO - updater 52652 Patching C:\Qt6\6.8.0\msvc2022_64\lib\Qt6OpenGL.prl
2026-08-12 20:06:40,272 - aqt.updater - INFO - updater 52652 Patching C:\Qt6\6.8.0\msvc2022_64\lib\Qt6OpenGLd.prl
2026-08-12 20:06:40,280 - aqt.updater - INFO - updater 52652 Patching C:\Qt6\6.8.0\msvc2022_64\lib\Qt6OpenGLWidgets.prl
2026-08-12 20:06:40,285 - aqt.updater - INFO - updater 52652 Patching C:\Qt6\6.8.0\msvc2022_64\lib\Qt6OpenGLWidgetsd.prl
2026-08-12 20:06:40,292 - aqt.updater - INFO - updater 52652 Patching C:\Qt6\6.8.0\msvc2022_64\lib\Qt6PacketProtocol.prl
2026-08-12 20:06:40,298 - aqt.updater - INFO - updater 52652 Patching C:\Qt6\6.8.0\msvc2022_64\lib\Qt6PacketProtocold.prl
2026-08-12 20:06:40,305 - aqt.updater - INFO - updater 52652 Patching C:\Qt6\6.8.0\msvc2022_64\lib\Qt6PrintSupport.prl
2026-08-12 20:06:40,313 - aqt.updater - INFO - updater 52652 Patching C:\Qt6\6.8.0\msvc2022_64\lib\Qt6PrintSupportd.prl
2026-08-12 20:06:40,319 - aqt.updater - INFO - updater 52652 Patching C:\Qt6\6.8.0\msvc2022_64\lib\Qt6Qml.prl
2026-08-12 20:06:40,324 - aqt.updater - INFO - updater 52652 Patching C:\Qt6\6.8.0\msvc2022_64\lib\Qt6QmlAssetDownloader.prl
2026-08-12 20:06:40,332 - aqt.updater - INFO - updater 52652 Patching C:\Qt6\6.8.0\msvc2022_64\lib\Qt6QmlAssetDownloaderd.prl
2026-08-12 20:06:40,338 - aqt.updater - INFO - updater 52652 Patching C:\Qt6\6.8.0\msvc2022_64\lib\Qt6QmlCompiler.prl
2026-08-12 20:06:40,345 - aqt.updater - INFO - updater 52652 Patching C:\Qt6\6.8.0\msvc2022_64\lib\Qt6QmlCompilerd.prl
2026-08-12 20:06:40,352 - aqt.updater - INFO - updater 52652 Patching C:\Qt6\6.8.0\msvc2022_64\lib\Qt6QmlCore.prl
2026-08-12 20:06:40,359 - aqt.updater - INFO - updater 52652 Patching C:\Qt6\6.8.0\msvc2022_64\lib\Qt6QmlCored.prl
2026-08-12 20:06:40,365 - aqt.updater - INFO - updater 52652 Patching C:\Qt6\6.8.0\msvc2022_64\lib\Qt6Qmld.prl
2026-08-12 20:06:40,371 - aqt.updater - INFO - updater 52652 Patching C:\Qt6\6.8.0\msvc2022_64\lib\Qt6QmlDebug.prl
2026-08-12 20:06:40,378 - aqt.updater - INFO - updater 52652 Patching C:\Qt6\6.8.0\msvc2022_64\lib\Qt6QmlDebugd.prl
2026-08-12 20:06:40,384 - aqt.updater - INFO - updater 52652 Patching C:\Qt6\6.8.0\msvc2022_64\lib\Qt6QmlDom.prl
2026-08-12 20:06:40,391 - aqt.updater - INFO - updater 52652 Patching C:\Qt6\6.8.0\msvc2022_64\lib\Qt6QmlDomd.prl
2026-08-12 20:06:40,399 - aqt.updater - INFO - updater 52652 Patching C:\Qt6\6.8.0\msvc2022_64\lib\Qt6QmlLocalStorage.prl
2026-08-12 20:06:40,406 - aqt.updater - INFO - updater 52652 Patching C:\Qt6\6.8.0\msvc2022_64\lib\Qt6QmlLocalStoraged.prl
2026-08-12 20:06:40,413 - aqt.updater - INFO - updater 52652 Patching C:\Qt6\6.8.0\msvc2022_64\lib\Qt6QmlLS.prl
2026-08-12 20:06:40,420 - aqt.updater - INFO - updater 52652 Patching C:\Qt6\6.8.0\msvc2022_64\lib\Qt6QmlLSd.prl
2026-08-12 20:06:40,426 - aqt.updater - INFO - updater 52652 Patching C:\Qt6\6.8.0\msvc2022_64\lib\Qt6QmlMeta.prl
2026-08-12 20:06:40,433 - aqt.updater - INFO - updater 52652 Patching C:\Qt6\6.8.0\msvc2022_64\lib\Qt6QmlMetad.prl
2026-08-12 20:06:40,439 - aqt.updater - INFO - updater 52652 Patching C:\Qt6\6.8.0\msvc2022_64\lib\Qt6QmlModels.prl
2026-08-12 20:06:40,445 - aqt.updater - INFO - updater 52652 Patching C:\Qt6\6.8.0\msvc2022_64\lib\Qt6QmlModelsd.prl
2026-08-12 20:06:40,452 - aqt.updater - INFO - updater 52652 Patching C:\Qt6\6.8.0\msvc2022_64\lib\Qt6QmlNetwork.prl
2026-08-12 20:06:40,458 - aqt.updater - INFO - updater 52652 Patching C:\Qt6\6.8.0\msvc2022_64\lib\Qt6QmlNetworkd.prl
2026-08-12 20:06:40,464 - aqt.updater - INFO - updater 52652 Patching C:\Qt6\6.8.0\msvc2022_64\lib\Qt6QmlToolingSettings.prl
2026-08-12 20:06:40,471 - aqt.updater - INFO - updater 52652 Patching C:\Qt6\6.8.0\msvc2022_64\lib\Qt6QmlToolingSettingsd.prl
2026-08-12 20:06:40,479 - aqt.updater - INFO - updater 52652 Patching C:\Qt6\6.8.0\msvc2022_64\lib\Qt6QmlTypeRegistrar.prl
2026-08-12 20:06:40,485 - aqt.updater - INFO - updater 52652 Patching C:\Qt6\6.8.0\msvc2022_64\lib\Qt6QmlTypeRegistrard.prl
2026-08-12 20:06:40,493 - aqt.updater - INFO - updater 52652 Patching C:\Qt6\6.8.0\msvc2022_64\lib\Qt6QmlWorkerScript.prl
2026-08-12 20:06:40,500 - aqt.updater - INFO - updater 52652 Patching C:\Qt6\6.8.0\msvc2022_64\lib\Qt6QmlWorkerScriptd.prl
2026-08-12 20:06:40,506 - aqt.updater - INFO - updater 52652 Patching C:\Qt6\6.8.0\msvc2022_64\lib\Qt6QmlXmlListModel.prl
2026-08-12 20:06:40,513 - aqt.updater - INFO - updater 52652 Patching C:\Qt6\6.8.0\msvc2022_64\lib\Qt6QmlXmlListModeld.prl
2026-08-12 20:06:40,520 - aqt.updater - INFO - updater 52652 Patching C:\Qt6\6.8.0\msvc2022_64\lib\Qt6Quick.prl
2026-08-12 20:06:40,527 - aqt.updater - INFO - updater 52652 Patching C:\Qt6\6.8.0\msvc2022_64\lib\Qt6QuickControls2.prl
2026-08-12 20:06:40,533 - aqt.updater - INFO - updater 52652 Patching C:\Qt6\6.8.0\msvc2022_64\lib\Qt6QuickControls2Basic.prl
2026-08-12 20:06:40,541 - aqt.updater - INFO - updater 52652 Patching C:\Qt6\6.8.0\msvc2022_64\lib\Qt6QuickControls2Basicd.prl
2026-08-12 20:06:40,546 - aqt.updater - INFO - updater 52652 Patching C:\Qt6\6.8.0\msvc2022_64\lib\Qt6QuickControls2BasicStyleImpl.prl
2026-08-12 20:06:40,553 - aqt.updater - INFO - updater 52652 Patching C:\Qt6\6.8.0\msvc2022_64\lib\Qt6QuickControls2BasicStyleImpld.prl
2026-08-12 20:06:40,559 - aqt.updater - INFO - updater 52652 Patching C:\Qt6\6.8.0\msvc2022_64\lib\Qt6QuickControls2d.prl
2026-08-12 20:06:40,565 - aqt.updater - INFO - updater 52652 Patching C:\Qt6\6.8.0\msvc2022_64\lib\Qt6QuickControls2FluentWinUI3StyleImpl.prl
2026-08-12 20:06:40,571 - aqt.updater - INFO - updater 52652 Patching C:\Qt6\6.8.0\msvc2022_64\lib\Qt6QuickControls2FluentWinUI3StyleImpld.prl
2026-08-12 20:06:40,578 - aqt.updater - INFO - updater 52652 Patching C:\Qt6\6.8.0\msvc2022_64\lib\Qt6QuickControls2Fusion.prl
2026-08-12 20:06:40,584 - aqt.updater - INFO - updater 52652 Patching C:\Qt6\6.8.0\msvc2022_64\lib\Qt6QuickControls2Fusiond.prl
2026-08-12 20:06:40,590 - aqt.updater - INFO - updater 52652 Patching C:\Qt6\6.8.0\msvc2022_64\lib\Qt6QuickControls2FusionStyleImpl.prl
2026-08-12 20:06:40,595 - aqt.updater - INFO - updater 52652 Patching C:\Qt6\6.8.0\msvc2022_64\lib\Qt6QuickControls2FusionStyleImpld.prl
2026-08-12 20:06:40,602 - aqt.updater - INFO - updater 52652 Patching C:\Qt6\6.8.0\msvc2022_64\lib\Qt6QuickControls2Imagine.prl
2026-08-12 20:06:40,608 - aqt.updater - INFO - updater 52652 Patching C:\Qt6\6.8.0\msvc2022_64\lib\Qt6QuickControls2Imagined.prl
2026-08-12 20:06:40,615 - aqt.updater - INFO - updater 52652 Patching C:\Qt6\6.8.0\msvc2022_64\lib\Qt6QuickControls2ImagineStyleImpl.prl
2026-08-12 20:06:40,621 - aqt.updater - INFO - updater 52652 Patching C:\Qt6\6.8.0\msvc2022_64\lib\Qt6QuickControls2ImagineStyleImpld.prl
2026-08-12 20:06:40,629 - aqt.updater - INFO - updater 52652 Patching C:\Qt6\6.8.0\msvc2022_64\lib\Qt6QuickControls2Impl.prl
2026-08-12 20:06:40,636 - aqt.updater - INFO - updater 52652 Patching C:\Qt6\6.8.0\msvc2022_64\lib\Qt6QuickControls2Impld.prl
2026-08-12 20:06:40,642 - aqt.updater - INFO - updater 52652 Patching C:\Qt6\6.8.0\msvc2022_64\lib\Qt6QuickControls2Material.prl
2026-08-12 20:06:40,650 - aqt.updater - INFO - updater 52652 Patching C:\Qt6\6.8.0\msvc2022_64\lib\Qt6QuickControls2Materiald.prl
2026-08-12 20:06:40,655 - aqt.updater - INFO - updater 52652 Patching C:\Qt6\6.8.0\msvc2022_64\lib\Qt6QuickControls2MaterialStyleImpl.prl
2026-08-12 20:06:40,662 - aqt.updater - INFO - updater 52652 Patching C:\Qt6\6.8.0\msvc2022_64\lib\Qt6QuickControls2MaterialStyleImpld.prl
2026-08-12 20:06:40,669 - aqt.updater - INFO - updater 52652 Patching C:\Qt6\6.8.0\msvc2022_64\lib\Qt6QuickControls2Universal.prl
2026-08-12 20:06:40,676 - aqt.updater - INFO - updater 52652 Patching C:\Qt6\6.8.0\msvc2022_64\lib\Qt6QuickControls2Universald.prl
2026-08-12 20:06:40,682 - aqt.updater - INFO - updater 52652 Patching C:\Qt6\6.8.0\msvc2022_64\lib\Qt6QuickControls2UniversalStyleImpl.prl
2026-08-12 20:06:40,689 - aqt.updater - INFO - updater 52652 Patching C:\Qt6\6.8.0\msvc2022_64\lib\Qt6QuickControls2UniversalStyleImpld.prl
2026-08-12 20:06:40,696 - aqt.updater - INFO - updater 52652 Patching C:\Qt6\6.8.0\msvc2022_64\lib\Qt6QuickControls2WindowsStyleImpl.prl
2026-08-12 20:06:40,702 - aqt.updater - INFO - updater 52652 Patching C:\Qt6\6.8.0\msvc2022_64\lib\Qt6QuickControls2WindowsStyleImpld.prl
2026-08-12 20:06:40,709 - aqt.updater - INFO - updater 52652 Patching C:\Qt6\6.8.0\msvc2022_64\lib\Qt6QuickControlsTestUtils.prl
2026-08-12 20:06:40,715 - aqt.updater - INFO - updater 52652 Patching C:\Qt6\6.8.0\msvc2022_64\lib\Qt6QuickControlsTestUtilsd.prl
2026-08-12 20:06:40,721 - aqt.updater - INFO - updater 52652 Patching C:\Qt6\6.8.0\msvc2022_64\lib\Qt6Quickd.prl
2026-08-12 20:06:40,727 - aqt.updater - INFO - updater 52652 Patching C:\Qt6\6.8.0\msvc2022_64\lib\Qt6QuickDialogs2.prl
2026-08-12 20:06:40,733 - aqt.updater - INFO - updater 52652 Patching C:\Qt6\6.8.0\msvc2022_64\lib\Qt6QuickDialogs2d.prl
2026-08-12 20:06:40,738 - aqt.updater - INFO - updater 52652 Patching C:\Qt6\6.8.0\msvc2022_64\lib\Qt6QuickDialogs2QuickImpl.prl
2026-08-12 20:06:40,745 - aqt.updater - INFO - updater 52652 Patching C:\Qt6\6.8.0\msvc2022_64\lib\Qt6QuickDialogs2QuickImpld.prl
2026-08-12 20:06:40,751 - aqt.updater - INFO - updater 52652 Patching C:\Qt6\6.8.0\msvc2022_64\lib\Qt6QuickDialogs2Utils.prl
2026-08-12 20:06:40,757 - aqt.updater - INFO - updater 52652 Patching C:\Qt6\6.8.0\msvc2022_64\lib\Qt6QuickDialogs2Utilsd.prl
2026-08-12 20:06:40,762 - aqt.updater - INFO - updater 52652 Patching C:\Qt6\6.8.0\msvc2022_64\lib\Qt6QuickEffects.prl
2026-08-12 20:06:40,769 - aqt.updater - INFO - updater 52652 Patching C:\Qt6\6.8.0\msvc2022_64\lib\Qt6QuickEffectsd.prl
2026-08-12 20:06:40,777 - aqt.updater - INFO - updater 52652 Patching C:\Qt6\6.8.0\msvc2022_64\lib\Qt6QuickLayouts.prl
2026-08-12 20:06:40,783 - aqt.updater - INFO - updater 52652 Patching C:\Qt6\6.8.0\msvc2022_64\lib\Qt6QuickLayoutsd.prl
2026-08-12 20:06:40,789 - aqt.updater - INFO - updater 52652 Patching C:\Qt6\6.8.0\msvc2022_64\lib\Qt6QuickParticles.prl
2026-08-12 20:06:40,797 - aqt.updater - INFO - updater 52652 Patching C:\Qt6\6.8.0\msvc2022_64\lib\Qt6QuickParticlesd.prl
2026-08-12 20:06:40,803 - aqt.updater - INFO - updater 52652 Patching C:\Qt6\6.8.0\msvc2022_64\lib\Qt6QuickShapes.prl
2026-08-12 20:06:40,808 - aqt.updater - INFO - updater 52652 Patching C:\Qt6\6.8.0\msvc2022_64\lib\Qt6QuickShapesd.prl
2026-08-12 20:06:40,816 - aqt.updater - INFO - updater 52652 Patching C:\Qt6\6.8.0\msvc2022_64\lib\Qt6QuickTemplates2.prl
2026-08-12 20:06:40,821 - aqt.updater - INFO - updater 52652 Patching C:\Qt6\6.8.0\msvc2022_64\lib\Qt6QuickTemplates2d.prl
2026-08-12 20:06:40,829 - aqt.updater - INFO - updater 52652 Patching C:\Qt6\6.8.0\msvc2022_64\lib\Qt6QuickTest.prl
2026-08-12 20:06:40,836 - aqt.updater - INFO - updater 52652 Patching C:\Qt6\6.8.0\msvc2022_64\lib\Qt6QuickTestd.prl
2026-08-12 20:06:40,842 - aqt.updater - INFO - updater 52652 Patching C:\Qt6\6.8.0\msvc2022_64\lib\Qt6QuickTestUtils.prl
2026-08-12 20:06:40,850 - aqt.updater - INFO - updater 52652 Patching C:\Qt6\6.8.0\msvc2022_64\lib\Qt6QuickTestUtilsd.prl
2026-08-12 20:06:40,856 - aqt.updater - INFO - updater 52652 Patching C:\Qt6\6.8.0\msvc2022_64\lib\Qt6QuickVectorImage.prl
2026-08-12 20:06:40,862 - aqt.updater - INFO - updater 52652 Patching C:\Qt6\6.8.0\msvc2022_64\lib\Qt6QuickVectorImaged.prl
2026-08-12 20:06:40,869 - aqt.updater - INFO - updater 52652 Patching C:\Qt6\6.8.0\msvc2022_64\lib\Qt6QuickVectorImageGenerator.prl
2026-08-12 20:06:40,875 - aqt.updater - INFO - updater 52652 Patching C:\Qt6\6.8.0\msvc2022_64\lib\Qt6QuickVectorImageGeneratord.prl
2026-08-12 20:06:40,881 - aqt.updater - INFO - updater 52652 Patching C:\Qt6\6.8.0\msvc2022_64\lib\Qt6QuickWidgets.prl
2026-08-12 20:06:40,886 - aqt.updater - INFO - updater 52652 Patching C:\Qt6\6.8.0\msvc2022_64\lib\Qt6QuickWidgetsd.prl
2026-08-12 20:06:40,892 - aqt.updater - INFO - updater 52652 Patching C:\Qt6\6.8.0\msvc2022_64\lib\Qt6Sql.prl
2026-08-12 20:06:40,898 - aqt.updater - INFO - updater 52652 Patching C:\Qt6\6.8.0\msvc2022_64\lib\Qt6Sqld.prl
2026-08-12 20:06:40,904 - aqt.updater - INFO - updater 52652 Patching C:\Qt6\6.8.0\msvc2022_64\lib\Qt6Svg.prl
2026-08-12 20:06:40,910 - aqt.updater - INFO - updater 52652 Patching C:\Qt6\6.8.0\msvc2022_64\lib\Qt6Svgd.prl
2026-08-12 20:06:40,916 - aqt.updater - INFO - updater 52652 Patching C:\Qt6\6.8.0\msvc2022_64\lib\Qt6SvgWidgets.prl
2026-08-12 20:06:40,922 - aqt.updater - INFO - updater 52652 Patching C:\Qt6\6.8.0\msvc2022_64\lib\Qt6SvgWidgetsd.prl
2026-08-12 20:06:40,929 - aqt.updater - INFO - updater 52652 Patching C:\Qt6\6.8.0\msvc2022_64\lib\Qt6Test.prl
2026-08-12 20:06:40,935 - aqt.updater - INFO - updater 52652 Patching C:\Qt6\6.8.0\msvc2022_64\lib\Qt6Testd.prl
2026-08-12 20:06:40,941 - aqt.updater - INFO - updater 52652 Patching C:\Qt6\6.8.0\msvc2022_64\lib\Qt6UiTools.prl
2026-08-12 20:06:40,947 - aqt.updater - INFO - updater 52652 Patching C:\Qt6\6.8.0\msvc2022_64\lib\Qt6UiToolsd.prl
2026-08-12 20:06:40,954 - aqt.updater - INFO - updater 52652 Patching C:\Qt6\6.8.0\msvc2022_64\lib\Qt6Widgets.prl
2026-08-12 20:06:40,960 - aqt.updater - INFO - updater 52652 Patching C:\Qt6\6.8.0\msvc2022_64\lib\Qt6Widgetsd.prl
2026-08-12 20:06:40,966 - aqt.updater - INFO - updater 52652 Patching C:\Qt6\6.8.0\msvc2022_64\lib\Qt6Xml.prl
2026-08-12 20:06:40,973 - aqt.updater - INFO - updater 52652 Patching C:\Qt6\6.8.0\msvc2022_64\lib\Qt6Xmld.prl
2026-08-12 20:06:40,980 - aqt.main - INFO - installer 52652 Finished installation
2026-08-12 20:06:40,980 - aqt.main - INFO - installer 52652 Time elapsed: 45.74985660 second
